The syntax of the command is incorrect.

c:\Users\YUSUF\Desktop\yusufulgen.com\backend>
